﻿[dotenv@17.2.3] injecting env (20) from .env -- tip: ≡ƒ¢á∩╕Å  run anywhere with `dotenvx run -- yourcommand`
Starting OpenRouter Connectivity Tests...
Testing model: google/gemini-flash-1.5-free
node : Γ¥î 
google/gemini-flash-1.5-free 
FAILED: 400 {
At line:1 char:1
+ node test-openrouter.js > 
test-results.txt 2>&1 ; cat 
test-results.tx ...
+ ~~~~~~~~~~~~~~~~~~~~~~~~~~~~~~~
~~~~~~~~~~~~~~~~
    + CategoryInfo          : No 
   tSpecified: (Γ¥î google/gemi  
  ...e FAILED: 400 {:String) [   
 ], RemoteException
    + FullyQualifiedErrorId : Na 
   tiveCommandError
 
  error: {
    message: 
'google/gemini-flash-1.5-free is 
not a valid model ID',
    code: 400
  },
  user_id: 'user_37W4WiwXeUkZL5HF
7mDC7dBmbFf'
}
Testing model: google/gemini-flash-1.5
Γ¥î google/gemini-flash-1.5 
FAILED: 404 {
  error: {
    message: 'No endpoints found 
for google/gemini-flash-1.5.',
    code: 404
  },
  user_id: 'user_37W4WiwXeUkZL5HF
7mDC7dBmbFf'
}
Testing model: meta-llama/llama-3-8b-instruct:free
Γ¥î meta-llama/llama-3-8b-instruc
t:free FAILED: 404 {
  error: {
    message: 'No endpoints found 
for meta-llama/llama-3-8b-instruc
t:free.',
    code: 404
  },
  user_id: 'user_37W4WiwXeUkZL5HF
7mDC7dBmbFf'
}
Testing model: openai/gpt-3.5-turbo
Γ£à openai/gpt-3.5-turbo SUCCESS: Sure, here's a classic one for you:

Why couldn't ...
