[dotenv@17.2.3] injecting env (27) from .env -- tip: ≡ƒùé∩╕Å backup and recover secrets: https://dotenvx.com/ops
≡ƒÜÇ Starting Cooldown Logic Test...
Γ£à Connected to MongoDB

--- Step 1: Login/Setup ---
Logging in to get token...

--- Step 2: Recording Previous Interview ---
Γ£à Recorded history for candidate-1773902614651@test.com (Cooldown until Wed Jun 17 2026)

--- Step 3: HR Drafting New Interview (Cooldown Detection) ---
Γ¥î FAIL: Cooldown NOT detected in draft

--- Step 4: Finalizing Interview (Flag Validation) ---
Γ¥î FAIL: isCooldownViolation flag is FALSE

--- Step 5: Candidate Access Block (403 Test) ---
Γ¥î FAIL: Candidate was able to initialize interview despite cooldown!

≡ƒîƒ All Cooldown Tests Completed! Cleanup...
≡ƒº╣ Cleanup done.
